app/resume-builder/page.tsx(141,44): error TS2322: Type '(field: keyof ResumeData, value: any) => void' is not assignable to type '(field: string, value: any) => void'.
  Types of parameters 'field' and 'field' are incompatible.
    Type 'string' is not assignable to type 'keyof ResumeData'.
app/resume-builder/page.tsx(153,42): error TS2322: Type '(field: keyof ResumeData, value: any) => void' is not assignable to type '(field: string, value: any) => void'.
  Types of parameters 'field' and 'field' are incompatible.
    Type 'string' is not assignable to type 'keyof ResumeData'.
node.exe : npm notice
At line:1 char:1
+ & "C:\Program Files
\nodejs/node.exe" 
"C:\Program 
Files\nodejs/node_mo 
...
+ ~~~~~~~~~~~~~~~~~~~
~~~~~~~~~~~~~~~~~~~~~
~~~~~~~~~~~~~~~~~~~~~
~~~~~~~~
    + CategoryInfo   
           : NotSpe  
  cified: (npm not   
 ice:String) [],     
RemoteException
    + FullyQualified 
   ErrorId : Native  
  CommandError
 
npm notice New major 
version of npm 
available! 10.9.3 -> 
11.10.0
npm notice 
Changelog: https://gi
thub.com/npm/cli/rele
ases/tag/v11.10.0
npm notice To update 
run: npm install -g 
npm@11.10.0
npm notice
